// Jest Snapshot v1, https://goo.gl/fbAQLP

exports[`<Lazy> snapshot testing 1`] = `<div />`;
